// Jest Snapshot v1, https://goo.gl/fbAQLP

exports[`Snapshot test of SectionLeft 1`] = `
<div
  styleName="SectionRight"
>
  <div>
    A
  </div>
</div>
`;
